LTspice 24.1.9 for Windows
Circuit: C:\Users\tomii\Github\PowerSupply\voltage_regulator.net
Start Time: Wed Dec  3 15:44:20 2025
solver = Normal
Maximum thread count: 16
tnom = 27
temp = 27
method = trap
C:\Users\tomii\Github\PowerSupply\voltage_regulator.net(71): Limiting rise time to 1e-05.

V13 N050 0 PULSE(0 5 0 0 0 {1/Fsqr} {2/Fsqr} 0)
^^^^^^^^^^^^^^^^^^^^^^^^^^^^^^^^^^^^^^^^^^^^^^^
C:\Users\tomii\Github\PowerSupply\voltage_regulator.net(71): Limiting fall time to 1e-05.

V13 N050 0 PULSE(0 5 0 0 0 {1/Fsqr} {2/Fsqr} 0)
^^^^^^^^^^^^^^^^^^^^^^^^^^^^^^^^^^^^^^^^^^^^^^^
Direct Newton iteration failed to find .op point.  (Use ".option noopiter" to skip.)
Starting Gmin stepping
Gmin = 10
Gmin = 1.07374
Gmin = 0.115292
Gmin = 0.0123794
Gmin = 0.00132923
Gmin = 0.000142725
vernier = 0.5
vernier = 0.666667
Gmin = 4.65514e-05
vernier = 0.888888
Gmin = 7.53781e-06
vernier = 1
Gmin = 8.09366e-07
Gmin = 8.6905e-08
Gmin = 9.33136e-09
Gmin = 1.00195e-09
Gmin = 1.07583e-10
Gmin = 1.15517e-11
Gmin = 1.24035e-12
Gmin = 1.33182e-13
Gmin = 0
Gmin stepping succeeded in finding the operating point.

Total elapsed time: 1.081 seconds.

Files loaded:
C:\Users\tomii\Github\PowerSupply\voltage_regulator.net
C:\Users\tomii\AppData\Local\LTspice\lib\cmp\standard.dio
C:\Users\tomii\AppData\Local\LTspice\lib\cmp\standard.bjt
C:\Users\tomii\AppData\Local\LTspice\lib\sub\UniversalOpAmp3b.lib

